/Users/vaughnhuey/Homework/code/2dGame/src/main/java/entity/AStarPathfinder.java
/Users/vaughnhuey/Homework/code/2dGame/src/main/java/entity/AreaEffect.java
/Users/vaughnhuey/Homework/code/2dGame/src/main/java/entity/DefendBox.java
/Users/vaughnhuey/Homework/code/2dGame/src/main/java/entity/Enemy.java
/Users/vaughnhuey/Homework/code/2dGame/src/main/java/entity/Entity.java
/Users/vaughnhuey/Homework/code/2dGame/src/main/java/entity/Formation.java
/Users/vaughnhuey/Homework/code/2dGame/src/main/java/entity/Hero.java
/Users/vaughnhuey/Homework/code/2dGame/src/main/java/entity/Morale.java
/Users/vaughnhuey/Homework/code/2dGame/src/main/java/entity/Player.java
/Users/vaughnhuey/Homework/code/2dGame/src/main/java/entity/Projectile.java
/Users/vaughnhuey/Homework/code/2dGame/src/main/java/entity/Squad.java
/Users/vaughnhuey/Homework/code/2dGame/src/main/java/entity/ThreatTable.java
/Users/vaughnhuey/Homework/code/2dGame/src/main/java/entity/Troop.java
/Users/vaughnhuey/Homework/code/2dGame/src/main/java/kingdom/Character.java
/Users/vaughnhuey/Homework/code/2dGame/src/main/java/kingdom/IntrigueSystem.java
/Users/vaughnhuey/Homework/code/2dGame/src/main/java/kingdom/Kingdom.java
/Users/vaughnhuey/Homework/code/2dGame/src/main/java/kingdom/KingdomSimulation.java
/Users/vaughnhuey/Homework/code/2dGame/src/main/java/kingdom/KingdomTestHarness.java
/Users/vaughnhuey/Homework/code/2dGame/src/main/java/kingdom/MarriageSystem.java
/Users/vaughnhuey/Homework/code/2dGame/src/main/java/kingdom/Scheme.java
/Users/vaughnhuey/Homework/code/2dGame/src/main/java/kingdom/Territory.java
/Users/vaughnhuey/Homework/code/2dGame/src/main/java/kingdom/War.java
/Users/vaughnhuey/Homework/code/2dGame/src/main/java/my2Dgame/BindingManager.java
/Users/vaughnhuey/Homework/code/2dGame/src/main/java/my2Dgame/ControllerHandler.java
/Users/vaughnhuey/Homework/code/2dGame/src/main/java/my2Dgame/GameConfig.java
/Users/vaughnhuey/Homework/code/2dGame/src/main/java/my2Dgame/GamePanel.java
/Users/vaughnhuey/Homework/code/2dGame/src/main/java/my2Dgame/KeyHandler.java
/Users/vaughnhuey/Homework/code/2dGame/src/main/java/my2Dgame/Main.java
/Users/vaughnhuey/Homework/code/2dGame/src/main/java/my2Dgame/package-info.java
/Users/vaughnhuey/Homework/code/2dGame/src/main/java/party/AiPartyController.java
/Users/vaughnhuey/Homework/code/2dGame/src/main/java/party/Party.java
/Users/vaughnhuey/Homework/code/2dGame/src/main/java/party/PartyManager.java
/Users/vaughnhuey/Homework/code/2dGame/src/main/java/tile/Tile.java
/Users/vaughnhuey/Homework/code/2dGame/src/main/java/tile/TmxMapLoader.java
/Users/vaughnhuey/Homework/code/2dGame/src/main/java/tile/tileManager.java
